<?xml version="1.0" encoding="UTF-8"?>
<TestRun id="f7ecb350-d227-420b-8e99-616c0e0a653f" name="Balage@CHARISMA 2009-09-17 12:21:02" runUser="Charisma\Balage" xmlns="http://microsoft.com/schemas/VisualStudio/TeamTest/2006">
  <TestRunConfiguration name="Local Test Run" id="4809e1f7-9bfd-4e5c-abf5-f305684fc184">
    <Description>This is a default test run configuration for a local test run.</Description>
    <Deployment runDeploymentRoot="E:\Visual Studio Projects\TurmixWeb\TestResults\Balage_CHARISMA 2009-09-17 12_21_02">
      <DeploymentItem filename="E:\Visual Studio Projects\TurmixWeb\TurmixApp\bin\Debug\itextsharp.dll" />
      <DeploymentItem filename="E:\Visual Studio Projects\TurmixWeb\TurmixApp\bin\Debug\TurmixLog.exe" />
      <DeploymentItem filename="E:\Visual Studio Projects\TurmixWeb\TurmixApp\bin\Debug\MySql.Data.dll" />
    </Deployment>
    <TestTypeSpecific />
  </TestRunConfiguration>
  <ResultSummary outcome="Error">
    <Counters total="16" executed="10" passed="2" error="0" failed="7" timeout="0" aborted="1" inconclusive="0" passedButRunAborted="0" notRunnable="0" notExecuted="6" disconnected="0" warning="0" completed="0" inProgress="0" pending="0" />
    <RunInfos>
      <RunInfo computerName="CHARISMA" outcome="Error" timestamp="2009-09-17T12:21:17.3602686+02:00">
        <Text>Test host process exited unexpectedly.</Text>
      </RunInfo>
    </RunInfos>
  </ResultSummary>
  <Times creation="2009-09-17T12:21:02.2564047+02:00" queuing="2009-09-17T12:21:07.9887326+02:00" start="2009-09-17T12:21:08.3407527+02:00" finish="2009-09-17T12:21:17.3622687+02:00" />
  <TestDefinitions>
    <UnitTest name="GetLatLngTest" storage="e:\visual studio projects\turmixweb\turmixtest\bin\debug\turmixtest.dll" id="c0c4b864-6bca-831e-00b2-eaca89421a43">
      <Css projectStructure="" iteration="" />
      <Owners>
        <Owner name="" />
      </Owners>
      <Execution id="3f726234-79d2-404e-9da4-25279df013fe" />
      <TestMethod codeBase="E:\Visual Studio Projects\TurmixWeb\TurmixTest\bin\Debug\TurmixTest.dll" adapterTypeName="Microsoft.VisualStudio.TestTools.TestTypes.Unit.UnitTestAdapter, Microsoft.VisualStudio.QualityTools.Tips.UnitTest.Adapter, Version=9.0.0.0, Culture=neutral, PublicKeyToken=b03f5f7f11d50a3a" className="TurmixTest.DataUtilTest, TurmixTest" name="GetLatLngTest" />
    </UnitTest>
    <UnitTest name="UpdateKoltsegTest" storage="e:\visual studio projects\turmixweb\turmixtest\bin\debug\turmixtest.dll" id="94712bec-c52a-0379-6146-889cafd363c4">
      <Css projectStructure="" iteration="" />
      <Owners>
        <Owner name="" />
      </Owners>
      <Execution id="5557a8af-6519-4e56-b98f-65ee5b6965f6" />
      <TestMethod codeBase="E:\Visual Studio Projects\TurmixWeb\TurmixTest\bin\Debug\TurmixTest.dll" adapterTypeName="Microsoft.VisualStudio.TestTools.TestTypes.Unit.UnitTestAdapter, Microsoft.VisualStudio.QualityTools.Tips.UnitTest.Adapter, Version=9.0.0.0, Culture=neutral, PublicKeyToken=b03f5f7f11d50a3a" className="TurmixTest.DataUtilTest, TurmixTest" name="UpdateKoltsegTest" />
    </UnitTest>
    <UnitTest name="DeleteCarTest" storage="e:\visual studio projects\turmixweb\turmixtest\bin\debug\turmixtest.dll" id="2916c876-a0a1-fdac-227e-6df33a9f41b5">
      <Css projectStructure="" iteration="" />
      <Owners>
        <Owner name="" />
      </Owners>
      <Execution id="e215048f-f6f2-45b8-93d9-97536197db8c" />
      <TestMethod codeBase="E:\Visual Studio Projects\TurmixWeb\TurmixTest\bin\Debug\TurmixTest.dll" adapterTypeName="Microsoft.VisualStudio.TestTools.TestTypes.Unit.UnitTestAdapter, Microsoft.VisualStudio.QualityTools.Tips.UnitTest.Adapter, Version=9.0.0.0, Culture=neutral, PublicKeyToken=b03f5f7f11d50a3a" className="TurmixTest.DataUtilTest, TurmixTest" name="DeleteCarTest" />
    </UnitTest>
    <UnitTest name="GetCarsTest" storage="e:\visual studio projects\turmixweb\turmixtest\bin\debug\turmixtest.dll" id="39389300-1832-da98-f424-2528338fff93">
      <Css projectStructure="" iteration="" />
      <Owners>
        <Owner name="" />
      </Owners>
      <Execution id="66f7fede-3f84-4051-9dd6-7a70e686cf60" />
      <TestMethod codeBase="E:\Visual Studio Projects\TurmixWeb\TurmixTest\bin\Debug\TurmixTest.dll" adapterTypeName="Microsoft.VisualStudio.TestTools.TestTypes.Unit.UnitTestAdapter, Microsoft.VisualStudio.QualityTools.Tips.UnitTest.Adapter, Version=9.0.0.0, Culture=neutral, PublicKeyToken=b03f5f7f11d50a3a" className="TurmixTest.DataUtilTest, TurmixTest" name="GetCarsTest" />
    </UnitTest>
    <OrderedTest name="OrderedTest1" storage="e:\visual studio projects\turmixweb\turmixtest\orderedtest1.orderedtest" id="6b336e31-3fe8-43da-aa2c-95fcfbb426ce">
      <Css projectStructure="" iteration="" />
      <Execution timeOut="2147483647" id="708940d1-90c7-49e4-b3ba-c913e549e329" />
      <Owners>
        <Owner name="" />
      </Owners>
      <TestLinks>
        <TestLink id="e5a9e0d1-6730-facc-4751-ceb942a71fc3" name="InsertCarTest" storage="bin\debug\turmixtest.dll" type="Microsoft.VisualStudio.TestTools.TestTypes.Unit.UnitTestElement, Microsoft.VisualStudio.QualityTools.Tips.UnitTest.ObjectModel,   PublicKeyToken=b03f5f7f11d50a3a" />
        <TestLink id="39389300-1832-da98-f424-2528338fff93" name="GetCarsTest" storage="bin\debug\turmixtest.dll" type="Microsoft.VisualStudio.TestTools.TestTypes.Unit.UnitTestElement, Microsoft.VisualStudio.QualityTools.Tips.UnitTest.ObjectModel,   PublicKeyToken=b03f5f7f11d50a3a" />
        <TestLink id="e855a315-18b1-79d3-a395-2667e2daef04" name="InsertLatLngTest" storage="bin\debug\turmixtest.dll" type="Microsoft.VisualStudio.TestTools.TestTypes.Unit.UnitTestElement, Microsoft.VisualStudio.QualityTools.Tips.UnitTest.ObjectModel,   PublicKeyToken=b03f5f7f11d50a3a" />
        <TestLink id="c0c4b864-6bca-831e-00b2-eaca89421a43" name="GetLatLngTest" storage="bin\debug\turmixtest.dll" type="Microsoft.VisualStudio.TestTools.TestTypes.Unit.UnitTestElement, Microsoft.VisualStudio.QualityTools.Tips.UnitTest.ObjectModel,   PublicKeyToken=b03f5f7f11d50a3a" />
        <TestLink id="9b0d8319-c67d-5934-bdf1-de44cedae15a" name="GetLatLngProbTest" storage="bin\debug\turmixtest.dll" type="Microsoft.VisualStudio.TestTools.TestTypes.Unit.UnitTestElement, Microsoft.VisualStudio.QualityTools.Tips.UnitTest.ObjectModel,   PublicKeyToken=b03f5f7f11d50a3a" />
        <TestLink id="a58d7a99-7d20-b895-51b9-93f0ab0794b3" name="GetUtcakTest" storage="bin\debug\turmixtest.dll" type="Microsoft.VisualStudio.TestTools.TestTypes.Unit.UnitTestElement, Microsoft.VisualStudio.QualityTools.Tips.UnitTest.ObjectModel,   PublicKeyToken=b03f5f7f11d50a3a" />
        <TestLink id="2916c876-a0a1-fdac-227e-6df33a9f41b5" name="DeleteCarTest" storage="bin\debug\turmixtest.dll" type="Microsoft.VisualStudio.TestTools.TestTypes.Unit.UnitTestElement, Microsoft.VisualStudio.QualityTools.Tips.UnitTest.ObjectModel,   PublicKeyToken=b03f5f7f11d50a3a" />
      </TestLinks>
    </OrderedTest>
    <UnitTest name="GetLatLngProbTest" storage="e:\visual studio projects\turmixweb\turmixtest\bin\debug\turmixtest.dll" id="9b0d8319-c67d-5934-bdf1-de44cedae15a">
      <Css projectStructure="" iteration="" />
      <Owners>
        <Owner name="" />
      </Owners>
      <Execution id="5c10d09a-3c54-4b6d-8e4f-b83cdf07cd0c" />
      <TestMethod codeBase="E:\Visual Studio Projects\TurmixWeb\TurmixTest\bin\Debug\TurmixTest.dll" adapterTypeName="Microsoft.VisualStudio.TestTools.TestTypes.Unit.UnitTestAdapter, Microsoft.VisualStudio.QualityTools.Tips.UnitTest.Adapter, Version=9.0.0.0, Culture=neutral, PublicKeyToken=b03f5f7f11d50a3a" className="TurmixTest.DataUtilTest, TurmixTest" name="GetLatLngProbTest" />
    </UnitTest>
    <UnitTest name="GetUtcakTest" storage="e:\visual studio projects\turmixweb\turmixtest\bin\debug\turmixtest.dll" id="a58d7a99-7d20-b895-51b9-93f0ab0794b3">
      <Css projectStructure="" iteration="" />
      <Owners>
        <Owner name="" />
      </Owners>
      <Execution id="96e267cf-30fc-44db-8b75-50e5e68b8c40" />
      <TestMethod codeBase="E:\Visual Studio Projects\TurmixWeb\TurmixTest\bin\Debug\TurmixTest.dll" adapterTypeName="Microsoft.VisualStudio.TestTools.TestTypes.Unit.UnitTestAdapter, Microsoft.VisualStudio.QualityTools.Tips.UnitTest.Adapter, Version=9.0.0.0, Culture=neutral, PublicKeyToken=b03f5f7f11d50a3a" className="TurmixTest.DataUtilTest, TurmixTest" name="GetUtcakTest" />
    </UnitTest>
    <UnitTest name="InsertCarTest" storage="e:\visual studio projects\turmixweb\turmixtest\bin\debug\turmixtest.dll" id="e5a9e0d1-6730-facc-4751-ceb942a71fc3">
      <Css projectStructure="" iteration="" />
      <Owners>
        <Owner name="" />
      </Owners>
      <TestMethod codeBase="E:\Visual Studio Projects\TurmixWeb\TurmixTest\bin\Debug\TurmixTest.dll" adapterTypeName="Microsoft.VisualStudio.TestTools.TestTypes.Unit.UnitTestAdapter, Microsoft.VisualStudio.QualityTools.Tips.UnitTest.Adapter, Version=9.0.0.0, Culture=neutral, PublicKeyToken=b03f5f7f11d50a3a" className="TurmixTest.DataUtilTest, TurmixTest" name="InsertCarTest" />
    </UnitTest>
    <UnitTest name="InsertLatLngTest" storage="e:\visual studio projects\turmixweb\turmixtest\bin\debug\turmixtest.dll" id="e855a315-18b1-79d3-a395-2667e2daef04">
      <Css projectStructure="" iteration="" />
      <Owners>
        <Owner name="" />
      </Owners>
      <TestMethod codeBase="E:\Visual Studio Projects\TurmixWeb\TurmixTest\bin\Debug\TurmixTest.dll" adapterTypeName="Microsoft.VisualStudio.TestTools.TestTypes.Unit.UnitTestAdapter, Microsoft.VisualStudio.QualityTools.Tips.UnitTest.Adapter, Version=9.0.0.0, Culture=neutral, PublicKeyToken=b03f5f7f11d50a3a" className="TurmixTest.DataUtilTest, TurmixTest" name="InsertLatLngTest" />
    </UnitTest>
  </TestDefinitions>
  <TestLists>
    <TestList name="Results Not in a List" id="8c84fa94-04c1-424b-9868-57a2d4851a1d" />
    <TestList name="All Loaded Results" id="19431567-8539-422a-85d7-44ee4e166bda" />
  </TestLists>
  <TestEntries>
    <TestEntry testId="2916c876-a0a1-fdac-227e-6df33a9f41b5" executionId="e215048f-f6f2-45b8-93d9-97536197db8c" testListId="8c84fa94-04c1-424b-9868-57a2d4851a1d" />
    <TestEntry testId="39389300-1832-da98-f424-2528338fff93" executionId="66f7fede-3f84-4051-9dd6-7a70e686cf60" testListId="8c84fa94-04c1-424b-9868-57a2d4851a1d" />
    <TestEntry testId="6b336e31-3fe8-43da-aa2c-95fcfbb426ce" executionId="708940d1-90c7-49e4-b3ba-c913e549e329" testListId="8c84fa94-04c1-424b-9868-57a2d4851a1d">
      <TestEntries>
        <TestEntry testId="e5a9e0d1-6730-facc-4751-ceb942a71fc3" executionId="1ee8263a-e229-4538-8562-5ffed6da7b94" parentExecutionId="708940d1-90c7-49e4-b3ba-c913e549e329" testListId="8c84fa94-04c1-424b-9868-57a2d4851a1d" />
        <TestEntry testId="39389300-1832-da98-f424-2528338fff93" executionId="79ccd4a5-eb94-497a-bdf0-e203df534c9b" parentExecutionId="708940d1-90c7-49e4-b3ba-c913e549e329" testListId="8c84fa94-04c1-424b-9868-57a2d4851a1d" />
        <TestEntry testId="e855a315-18b1-79d3-a395-2667e2daef04" executionId="ee97b29c-09c6-49f2-ac40-8e01bbe2175c" parentExecutionId="708940d1-90c7-49e4-b3ba-c913e549e329" testListId="8c84fa94-04c1-424b-9868-57a2d4851a1d" />
        <TestEntry testId="c0c4b864-6bca-831e-00b2-eaca89421a43" executionId="eafcaf34-6312-4d2c-a8f8-14f9e3cea2eb" parentExecutionId="708940d1-90c7-49e4-b3ba-c913e549e329" testListId="8c84fa94-04c1-424b-9868-57a2d4851a1d" />
        <TestEntry testId="9b0d8319-c67d-5934-bdf1-de44cedae15a" executionId="568bd125-4133-4e62-9017-53cc4a19058b" parentExecutionId="708940d1-90c7-49e4-b3ba-c913e549e329" testListId="8c84fa94-04c1-424b-9868-57a2d4851a1d" />
        <TestEntry testId="a58d7a99-7d20-b895-51b9-93f0ab0794b3" executionId="60dd8e71-0ed4-411a-91c7-a92faef9b62e" parentExecutionId="708940d1-90c7-49e4-b3ba-c913e549e329" testListId="8c84fa94-04c1-424b-9868-57a2d4851a1d" />
        <TestEntry testId="2916c876-a0a1-fdac-227e-6df33a9f41b5" executionId="155d864f-e9af-4f6b-9d66-e3fa2dd8fc1b" parentExecutionId="708940d1-90c7-49e4-b3ba-c913e549e329" testListId="8c84fa94-04c1-424b-9868-57a2d4851a1d" />
      </TestEntries>
    </TestEntry>
    <TestEntry testId="94712bec-c52a-0379-6146-889cafd363c4" executionId="5557a8af-6519-4e56-b98f-65ee5b6965f6" testListId="8c84fa94-04c1-424b-9868-57a2d4851a1d" />
    <TestEntry testId="9b0d8319-c67d-5934-bdf1-de44cedae15a" executionId="5c10d09a-3c54-4b6d-8e4f-b83cdf07cd0c" testListId="8c84fa94-04c1-424b-9868-57a2d4851a1d" />
    <TestEntry testId="a58d7a99-7d20-b895-51b9-93f0ab0794b3" executionId="96e267cf-30fc-44db-8b75-50e5e68b8c40" testListId="8c84fa94-04c1-424b-9868-57a2d4851a1d" />
    <TestEntry testId="c0c4b864-6bca-831e-00b2-eaca89421a43" executionId="3f726234-79d2-404e-9da4-25279df013fe" testListId="8c84fa94-04c1-424b-9868-57a2d4851a1d" />
    <TestEntry testId="e5a9e0d1-6730-facc-4751-ceb942a71fc3" executionId="2302e08c-4aa7-4bbf-b399-77bbeb01950d" testListId="8c84fa94-04c1-424b-9868-57a2d4851a1d" />
    <TestEntry testId="e855a315-18b1-79d3-a395-2667e2daef04" executionId="ad4dcd3c-d513-496a-a822-3f83149f9799" testListId="8c84fa94-04c1-424b-9868-57a2d4851a1d" />
  </TestEntries>
  <Results>
    <UnitTestResult executionId="e215048f-f6f2-45b8-93d9-97536197db8c" testId="2916c876-a0a1-fdac-227e-6df33a9f41b5" testName="DeleteCarTest" computerName="CHARISMA" duration="00:00:01.6185679" startTime="2009-09-17T12:21:08.4897612+02:00" endTime="2009-09-17T12:21:10.7778921+02:00" testType="13cdc9d9-ddb5-4fa4-a97d-d965ccfc6d4b" outcome="Passed" testListId="8c84fa94-04c1-424b-9868-57a2d4851a1d">
      <Output>
      </Output>
    </UnitTestResult>
    <UnitTestResult executionId="66f7fede-3f84-4051-9dd6-7a70e686cf60" testId="39389300-1832-da98-f424-2528338fff93" testName="GetCarsTest" computerName="CHARISMA" duration="00:00:00.1199892" startTime="2009-09-17T12:21:10.7938930+02:00" endTime="2009-09-17T12:21:10.9269006+02:00" testType="13cdc9d9-ddb5-4fa4-a97d-d965ccfc6d4b" outcome="Failed" testListId="8c84fa94-04c1-424b-9868-57a2d4851a1d">
      <Output>
        <ErrorInfo>
          <Message>Assert.AreNotEqual failed. Expected any value except:&lt;-1&gt;. Actual:&lt;-1&gt;. </Message>
          <StackTrace>   at TurmixTest.DataUtilTest.GetCarsTest() in E:\Visual Studio Projects\TurmixWeb\TurmixTest\DataUtilTest.cs:line 144
</StackTrace>
        </ErrorInfo>
      </Output>
    </UnitTestResult>
    <TestResultAggregation executionId="708940d1-90c7-49e4-b3ba-c913e549e329" testId="6b336e31-3fe8-43da-aa2c-95fcfbb426ce" testName="OrderedTest1" computerName="CHARISMA" duration="00:00:00.4789000" startTime="2009-09-17T12:21:11.0739091+02:00" endTime="2009-09-17T12:21:11.5839382+02:00" testType="ec4800e8-40e5-4ab3-8510-b8bf29b1904d" outcome="Failed" testListId="8c84fa94-04c1-424b-9868-57a2d4851a1d">
      <Counters error="0" failed="1" timeout="0" aborted="0" inconclusive="0" passedButRunAborted="0" notRunnable="0" notExecuted="5" disconnected="0" warning="0" passed="1" completed="0" inProgress="0" pending="0" />
      <InnerResults>
        <UnitTestResult executionId="1ee8263a-e229-4538-8562-5ffed6da7b94" parentExecutionId="708940d1-90c7-49e4-b3ba-c913e549e329" testId="e5a9e0d1-6730-facc-4751-ceb942a71fc3" testName="InsertCarTest" computerName="CHARISMA" duration="00:00:00.4282928" startTime="2009-09-17T12:21:11.0979104+02:00" endTime="2009-09-17T12:21:11.5379356+02:00" testType="13cdc9d9-ddb5-4fa4-a97d-d965ccfc6d4b" outcome="Passed" testListId="8c84fa94-04c1-424b-9868-57a2d4851a1d">
          <Output>
          </Output>
        </UnitTestResult>
        <UnitTestResult executionId="79ccd4a5-eb94-497a-bdf0-e203df534c9b" parentExecutionId="708940d1-90c7-49e4-b3ba-c913e549e329" testId="39389300-1832-da98-f424-2528338fff93" testName="GetCarsTest" computerName="CHARISMA" duration="00:00:00.0140152" startTime="2009-09-17T12:21:11.5399357+02:00" endTime="2009-09-17T12:21:11.5769378+02:00" testType="13cdc9d9-ddb5-4fa4-a97d-d965ccfc6d4b" outcome="Failed" testListId="8c84fa94-04c1-424b-9868-57a2d4851a1d">
          <Output>
            <ErrorInfo>
              <Message>Assert.AreNotEqual failed. Expected any value except:&lt;-1&gt;. Actual:&lt;-1&gt;. </Message>
              <StackTrace>   at TurmixTest.DataUtilTest.GetCarsTest() in E:\Visual Studio Projects\TurmixWeb\TurmixTest\DataUtilTest.cs:line 144
</StackTrace>
            </ErrorInfo>
          </Output>
        </UnitTestResult>
        <TestResult executionId="ee97b29c-09c6-49f2-ac40-8e01bbe2175c" parentExecutionId="708940d1-90c7-49e4-b3ba-c913e549e329" testId="e855a315-18b1-79d3-a395-2667e2daef04" testName="InsertLatLngTest" computerName="CHARISMA" duration="00:00:00" startTime="0001-01-01T01:00:00.0000000+01:00" endTime="0001-01-01T01:00:00.0000000+01:00" testType="13cdc9d9-ddb5-4fa4-a97d-d965ccfc6d4b" outcome="NotExecuted" testListId="8c84fa94-04c1-424b-9868-57a2d4851a1d" />
        <TestResult executionId="eafcaf34-6312-4d2c-a8f8-14f9e3cea2eb" parentExecutionId="708940d1-90c7-49e4-b3ba-c913e549e329" testId="c0c4b864-6bca-831e-00b2-eaca89421a43" testName="GetLatLngTest" computerName="CHARISMA" duration="00:00:00" startTime="0001-01-01T01:00:00.0000000+01:00" endTime="0001-01-01T01:00:00.0000000+01:00" testType="13cdc9d9-ddb5-4fa4-a97d-d965ccfc6d4b" outcome="NotExecuted" testListId="8c84fa94-04c1-424b-9868-57a2d4851a1d" />
        <TestResult executionId="568bd125-4133-4e62-9017-53cc4a19058b" parentExecutionId="708940d1-90c7-49e4-b3ba-c913e549e329" testId="9b0d8319-c67d-5934-bdf1-de44cedae15a" testName="GetLatLngProbTest" computerName="CHARISMA" duration="00:00:00" startTime="0001-01-01T01:00:00.0000000+01:00" endTime="0001-01-01T01:00:00.0000000+01:00" testType="13cdc9d9-ddb5-4fa4-a97d-d965ccfc6d4b" outcome="NotExecuted" testListId="8c84fa94-04c1-424b-9868-57a2d4851a1d" />
        <TestResult executionId="60dd8e71-0ed4-411a-91c7-a92faef9b62e" parentExecutionId="708940d1-90c7-49e4-b3ba-c913e549e329" testId="a58d7a99-7d20-b895-51b9-93f0ab0794b3" testName="GetUtcakTest" computerName="CHARISMA" duration="00:00:00" startTime="0001-01-01T01:00:00.0000000+01:00" endTime="0001-01-01T01:00:00.0000000+01:00" testType="13cdc9d9-ddb5-4fa4-a97d-d965ccfc6d4b" outcome="NotExecuted" testListId="8c84fa94-04c1-424b-9868-57a2d4851a1d" />
        <TestResult executionId="155d864f-e9af-4f6b-9d66-e3fa2dd8fc1b" parentExecutionId="708940d1-90c7-49e4-b3ba-c913e549e329" testId="2916c876-a0a1-fdac-227e-6df33a9f41b5" testName="DeleteCarTest" computerName="CHARISMA" duration="00:00:00" startTime="0001-01-01T01:00:00.0000000+01:00" endTime="0001-01-01T01:00:00.0000000+01:00" testType="13cdc9d9-ddb5-4fa4-a97d-d965ccfc6d4b" outcome="NotExecuted" testListId="8c84fa94-04c1-424b-9868-57a2d4851a1d" />
      </InnerResults>
    </TestResultAggregation>
    <UnitTestResult executionId="5557a8af-6519-4e56-b98f-65ee5b6965f6" testId="94712bec-c52a-0379-6146-889cafd363c4" testName="UpdateKoltsegTest" computerName="CHARISMA" duration="00:00:00.2124883" startTime="2009-09-17T12:21:11.5989391+02:00" endTime="2009-09-17T12:21:11.8159515+02:00" testType="13cdc9d9-ddb5-4fa4-a97d-d965ccfc6d4b" outcome="Failed" testListId="8c84fa94-04c1-424b-9868-57a2d4851a1d">
      <Output>
        <ErrorInfo>
          <Message>Test method TurmixTest.DataUtilTest.UpdateKoltsegTest threw exception:  System.ArgumentOutOfRangeException: Index was out of range. Must be non-negative and less than the size of the collection.
Parameter name: index.</Message>
          <StackTrace>    at System.ThrowHelper.ThrowArgumentOutOfRangeException(ExceptionArgument argument, ExceptionResource resource)
   at System.ThrowHelper.ThrowArgumentOutOfRangeException()
   at System.Collections.Generic.List`1.get_Item(Int32 index)
   at TurmixTest.DataUtilTest.UpdateKoltsegTest() in E:\Visual Studio Projects\TurmixWeb\TurmixTest\DataUtilTest.cs:line 164
</StackTrace>
        </ErrorInfo>
      </Output>
    </UnitTestResult>
    <UnitTestResult executionId="5c10d09a-3c54-4b6d-8e4f-b83cdf07cd0c" testId="9b0d8319-c67d-5934-bdf1-de44cedae15a" testName="GetLatLngProbTest" computerName="CHARISMA" duration="00:00:00.0442488" startTime="2009-09-17T12:21:11.8339525+02:00" endTime="2009-09-17T12:21:11.8819553+02:00" testType="13cdc9d9-ddb5-4fa4-a97d-d965ccfc6d4b" outcome="Failed" testListId="8c84fa94-04c1-424b-9868-57a2d4851a1d">
      <Output>
        <ErrorInfo>
          <Message>Test method TurmixTest.DataUtilTest.GetLatLngProbTest threw exception:  System.NullReferenceException: Object reference not set to an instance of an object..</Message>
          <StackTrace>    at TurmixLog.WorkData.get_Cim() in E:\Visual Studio Projects\TurmixWeb\TurmixApp\Model\MunkaAdat.cs:line 131
   at TurmixLog.DataUtil.GetLatLngProb(WorkData tempData) in E:\Visual Studio Projects\TurmixWeb\TurmixApp\DataUtil_MySQL.cs:line 535
   at TurmixTest.DataUtilTest.GetLatLngProbTest() in E:\Visual Studio Projects\TurmixWeb\TurmixTest\DataUtilTest.cs:line 118
</StackTrace>
        </ErrorInfo>
      </Output>
    </UnitTestResult>
    <UnitTestResult executionId="96e267cf-30fc-44db-8b75-50e5e68b8c40" testId="a58d7a99-7d20-b895-51b9-93f0ab0794b3" testName="GetUtcakTest" computerName="CHARISMA" duration="00:00:00.1348349" startTime="2009-09-17T12:21:11.8929559+02:00" endTime="2009-09-17T12:21:12.0319639+02:00" testType="13cdc9d9-ddb5-4fa4-a97d-d965ccfc6d4b" outcome="Failed" testListId="8c84fa94-04c1-424b-9868-57a2d4851a1d">
      <Output>
        <ErrorInfo>
          <Message>Assert.AreEqual failed. Expected:&lt;(null)&gt;. Actual:&lt;System.Collections.Generic.List`1[System.String]&gt;. </Message>
          <StackTrace>   at TurmixTest.DataUtilTest.GetUtcakTest() in E:\Visual Studio Projects\TurmixWeb\TurmixTest\DataUtilTest.cs:line 106
</StackTrace>
        </ErrorInfo>
      </Output>
    </UnitTestResult>
    <UnitTestResult executionId="3f726234-79d2-404e-9da4-25279df013fe" testId="c0c4b864-6bca-831e-00b2-eaca89421a43" testName="GetLatLngTest" computerName="CHARISMA" duration="00:00:00.0173345" startTime="2009-09-17T12:21:12.0439645+02:00" endTime="2009-09-17T12:21:12.0659658+02:00" testType="13cdc9d9-ddb5-4fa4-a97d-d965ccfc6d4b" outcome="Failed" testListId="8c84fa94-04c1-424b-9868-57a2d4851a1d">
      <Output>
        <ErrorInfo>
          <Message>Assert.AreEqual failed. Expected:&lt;47,5132587684464&gt;. Actual:&lt;-1&gt;. </Message>
          <StackTrace>   at TurmixTest.DataUtilTest.GetLatLngTest() in E:\Visual Studio Projects\TurmixWeb\TurmixTest\DataUtilTest.cs:line 131
</StackTrace>
        </ErrorInfo>
      </Output>
    </UnitTestResult>
    <UnitTestResult executionId="2302e08c-4aa7-4bbf-b399-77bbeb01950d" testId="e5a9e0d1-6730-facc-4751-ceb942a71fc3" testName="InsertCarTest" computerName="CHARISMA" duration="00:00:05.2813021" startTime="2009-09-17T12:21:12.0799666+02:00" endTime="2009-09-17T12:21:17.3612687+02:00" testType="13cdc9d9-ddb5-4fa4-a97d-d965ccfc6d4b" outcome="Aborted" testListId="8c84fa94-04c1-424b-9868-57a2d4851a1d">
    </UnitTestResult>
    <UnitTestResult executionId="ad4dcd3c-d513-496a-a822-3f83149f9799" testId="e855a315-18b1-79d3-a395-2667e2daef04" testName="InsertLatLngTest" computerName="CHARISMA" duration="00:00:00" startTime="0001-01-01T01:00:00.0000000+01:00" endTime="0001-01-01T01:00:00.0000000+01:00" testType="13cdc9d9-ddb5-4fa4-a97d-d965ccfc6d4b" outcome="NotExecuted" testListId="8c84fa94-04c1-424b-9868-57a2d4851a1d">
    </UnitTestResult>
  </Results>
</TestRun>